// Vitest Snapshot v1

exports[`Welcome component is displaying 1`] = `
<DocumentFragment>
  <div>
     Ecrivez '/nick <nom> pour changer votre nom'
  </div>
</DocumentFragment>
`;
